{"complexity":0.6451612710952759,"complexity_per_read":{"1":0.5657894611358643,"2":0.6842105388641357,"3":0.6710526347160339,"4":0.6973684430122375,"5":0.7105262875556946,"6":0.6184210777282715,"7":0.4933333396911621,"8":0.5921052694320679,"9":0.7733333110809326},"file name":"SRR.short.fastqsanger","total reads":9}